24081234
3c095678
35291234
01095024
01095825
114b0001
0810000a
3c011001
34240000
0810000c
3c011001
34240013
24020004
0000000c
2402000a
0000000c
